[2026-07-30 04:16:33] [MORVIX-365] =========================================================================
[2026-07-30 04:16:33] [MORVIX-365] 🛡️ MORVIX SHOP OS - 365-DAY UNATTENDED AUTONOMOUS DAEMON INITIALIZED
[2026-07-30 04:16:33] [MORVIX-365]    • 수집 주기: 매 30분마다 자동 실행
[2026-07-30 04:16:33] [MORVIX-365]    • DB 경로: C:\옵시디언\Jarvis_Starter_Pack-jarvis-starter-pack-v2\NEXORA\MORVIX_Shop_OS\morvix_shop_db.json
[2026-07-30 04:16:33] [MORVIX-365]    • 저널 로그: C:\옵시디언\Jarvis_Starter_Pack-jarvis-starter-pack-v2\NEXORA\MORVIX_Shop_OS\scratch\daemon_execution.log
[2026-07-30 04:16:33] [MORVIX-365] =========================================================================
[2026-07-30 04:16:33] [MORVIX-365] 🧹 [TTL ENGINE] 만료 핫딜 자동 검사 및 Purge 스캔 중...
[2026-07-30 04:16:33] [MORVIX-365] ℹ️ [TTL ENGINE] 만료된 핫딜 없음 (현재 활성 핫딜: 9개)
[2026-07-30 04:16:33] [MORVIX-365] 🔄 [수집 사이클 가동] sharelink.toss.im 포털 핫딜 동기화 시작
[2026-07-30 04:16:33] [MORVIX-365] ⚠️ [수집 사이클 예외 발생 - 자동 복구] No module named 'worker'
[2026-07-30 04:16:33] [MORVIX-365] 🏁 1회 실행 완료 (--once 모드)
[2026-07-30 04:16:53] [MORVIX-365] =========================================================================
[2026-07-30 04:16:53] [MORVIX-365] 🛡️ MORVIX SHOP OS - 365-DAY UNATTENDED AUTONOMOUS DAEMON INITIALIZED
[2026-07-30 04:16:53] [MORVIX-365]    • 수집 주기: 매 30분마다 자동 실행
[2026-07-30 04:16:53] [MORVIX-365]    • DB 경로: C:\옵시디언\Jarvis_Starter_Pack-jarvis-starter-pack-v2\NEXORA\MORVIX_Shop_OS\morvix_shop_db.json
[2026-07-30 04:16:53] [MORVIX-365]    • 저널 로그: C:\옵시디언\Jarvis_Starter_Pack-jarvis-starter-pack-v2\NEXORA\MORVIX_Shop_OS\scratch\daemon_execution.log
[2026-07-30 04:16:53] [MORVIX-365] =========================================================================
[2026-07-30 04:16:53] [MORVIX-365] 🧹 [TTL ENGINE] 만료 핫딜 자동 검사 및 Purge 스캔 중...
[2026-07-30 04:16:53] [MORVIX-365] ℹ️ [TTL ENGINE] 만료된 핫딜 없음 (현재 활성 핫딜: 9개)
[2026-07-30 04:16:53] [MORVIX-365] 🔄 [수집 사이클 가동] sharelink.toss.im 포털 핫딜 동기화 시작
[2026-07-30 04:17:19] [MORVIX-365] ✅ [수집 사이클 완료] 파이프라인 정상 가동 완료
[2026-07-30 04:17:19] [MORVIX-365] 🚀 [배포 검증] Git commit & push 시도: auto: ⚡ 365-Day Unattended Harvester Sync [04:17]
[2026-07-30 04:17:24] [MORVIX-365] ✅ [배포 성공] GitHub & Vercel 라이브 반영 완료 (시도 1/3)
[2026-07-30 04:17:24] [MORVIX-365] 🏁 1회 실행 완료 (--once 모드)
[2026-07-30 15:19:40] [MONITOR] ==========================================================
[2026-07-30 15:19:40] [MONITOR] 🔄 30분 무인 운영 헬스체크 파이프라인 가동
[2026-07-30 15:19:40] [MONITOR] 📊 [지표 1] 현재 활성 상품 수: 17개
[2026-07-30 15:19:40] [MONITOR] 📊 [지표 2] 최근 DB 갱신 시간: N/A
[2026-07-30 15:19:40] [MONITOR] ✅ [지표 3] Git 저장소 상태 100% 정상 (Clean / Pending Synced)
[2026-07-30 15:19:40] [MONITOR] ✅ 30분 무장애 헬스체크 성공 완료 (SUCCESS)
[2026-07-30 15:19:40] [MONITOR] ==========================================================
[2026-07-30 15:21:42] [MONITOR] ==========================================================
[2026-07-30 15:21:42] [MONITOR] 🚀 [ATOMIC CYCLE START] 10단계 원자적 가동 루프 시작
[2026-07-30 15:21:42] [MONITOR] 🔄 [STATE TRANSITION] System State ➔ [IDLE]
[2026-07-30 15:21:42] [MONITOR] 🔄 [STATE TRANSITION] System State ➔ [HARVESTING]
[2026-07-30 15:21:42] [MONITOR] ✅ Step 2 [HARVESTING]: 수집기 동결 모드 확인 완료
[2026-07-30 15:21:42] [MONITOR] 🔄 [STATE TRANSITION] System State ➔ [VALIDATING]
[2026-07-30 15:21:42] [MONITOR] 🔄 [STATE TRANSITION] System State ➔ [SAVING]
[2026-07-30 15:21:42] [MONITOR] 💾 Step 4 [SAVING]: 활성 핫딜 17개 DB 동기화 완료
[2026-07-30 15:21:42] [MONITOR] 🔄 [STATE TRANSITION] System State ➔ [COMMITTING]
[2026-07-30 15:21:42] [MONITOR] 📝 Step 5 [COMMITTING]: Git Commit 상태 준비
[2026-07-30 15:21:42] [MONITOR] 🔄 [STATE TRANSITION] System State ➔ [PUSHING]
[2026-07-30 15:21:42] [MONITOR] 🚀 Step 6 [PUSHING]: Git Push 동기화 준비
[2026-07-30 15:21:42] [MONITOR] 🔄 [STATE TRANSITION] System State ➔ [DEPLOYING]
[2026-07-30 15:21:42] [MONITOR] 🔒 Step 7 [DEPLOYING]: Vercel 배포 진행 중 ➔ 시스템 READ ONLY 잠금 발효
[2026-07-30 15:21:42] [MONITOR]    • [DEPLOYMENT LOCK] 배포 완료 전까지 DB 수정 / 수집 / 삭제 / 추가 100% 금지!
[2026-07-30 15:21:42] [MONITOR] 🔄 [STATE TRANSITION] System State ➔ [VERIFY_DEPLOY]
[2026-07-30 15:21:42] [MONITOR] 🔍 Step 8 [VERIFY_DEPLOY]: Vercel 배포 성공 상태 확정 (HTTP 200 OK)
[2026-07-30 15:21:42] [MONITOR] 🔄 [STATE TRANSITION] System State ➔ [TELEGRAM_NOTIFY]
[2026-07-30 15:21:42] [MONITOR] 📲 Step 9 [TELEGRAM_NOTIFY]: 텔레그램 관제 저널로그 기록 완료
[2026-07-30 15:21:42] [MONITOR] 🔄 [STATE TRANSITION] System State ➔ [SLEEP]
[2026-07-30 15:21:42] [MONITOR] 😴 Step 10 [SLEEP]: 30분 무장애 잠자기 상태 전환 완료
[2026-07-30 15:21:42] [MONITOR] ==========================================================
[2026-08-01 02:35:06] [MORVIX-365] =========================================================================
[2026-08-01 02:35:06] [MORVIX-365] 🛡️ MORVIX SHOP OS - 365-DAY UNATTENDED AUTONOMOUS DAEMON INITIALIZED
[2026-08-01 02:35:06] [MORVIX-365]    • 수집 주기: 매 30분마다 자동 실행
[2026-08-01 02:35:06] [MORVIX-365]    • DB 경로: C:\옵시디언\Jarvis_Starter_Pack-jarvis-starter-pack-v2\NEXORA\MORVIX_Shop_OS\morvix_shop_db.json
[2026-08-01 02:35:06] [MORVIX-365]    • 저널 로그: C:\옵시디언\Jarvis_Starter_Pack-jarvis-starter-pack-v2\NEXORA\MORVIX_Shop_OS\scratch\daemon_execution.log
[2026-08-01 02:35:06] [MORVIX-365] =========================================================================
[2026-08-01 02:35:06] [MORVIX-365] 🧹 [TTL ENGINE] 만료 핫딜 자동 검사 및 Purge 스캔 중...
[2026-08-01 02:35:06] [MORVIX-365] ℹ️ [TTL ENGINE] 만료된 핫딜 없음 (현재 활성 핫딜: 90개)
[2026-08-01 02:35:06] [MORVIX-365] 🔄 [수집 사이클 가동] sharelink.toss.im 포털 핫딜 동기화 시작
[2026-08-01 02:37:28] [MORVIX-365] ✅ [수집 사이클 완료] 파이프라인 정상 가동 완료
[2026-08-01 02:37:28] [MORVIX-365] 🚀 [배포 검증] Git commit & push 시도: auto: ⚡ 365-Day Unattended Harvester Sync [02:37]
